// Jest Snapshot v1, https://goo.gl/fbAQLP

exports[`button tests should render a button with text 1`] = `
<View
  accessible={true}
  collapsable={false}
  focusable={false}
  onClick={[Function]}
  onResponderGrant={[Function]}
  onResponderMove={[Function]}
  onResponderRelease={[Function]}
  onResponderTerminate={[Function]}
  onResponderTerminationRequest={[Function]}
  onStartShouldSetResponder={[Function]}
  style={
    Object {
      "opacity": 1,
    }
  }
>
  <View
    style={
      Array [
        undefined,
        undefined,
      ]
    }
  >
    <Text>
      Button example
    </Text>
  </View>
</View>
`;
